kotlin version: 2.1.0
error message: java.lang.UnsatisfiedLinkError: C:\Users\Akash\.antigravity-ide\extensions\redhat.java-1.56.0-win32-x64\jre\21.0.12.1-win32-x86_64\bin\awt.dll: Can't find dependent libraries
	at java.base/jdk.internal.loader.NativeLibraries.load(Native Method)
	at java.base/jdk.internal.loader.NativeLibraries$NativeLibraryImpl.open(Unknown Source)
	at java.base/jdk.internal.loader.NativeLibraries.loadLibrary(Unknown Source)
	at java.base/jdk.internal.loader.NativeLibraries.loadLibrary(Unknown Source)
	at java.base/jdk.internal.loader.NativeLibraries.findFromPaths(Unknown Source)
	at java.base/jdk.internal.loader.NativeLibraries.loadLibrary(Unknown Source)
	at java.base/java.lang.ClassLoader.loadLibrary(Unknown Source)
	at java.base/java.lang.Runtime.loadLibrary0(Unknown Source)
	at java.base/java.lang.System.loadLibrary(Unknown Source)
	at java.desktop/java.awt.Toolkit$2.run(Unknown Source)
	at java.desktop/java.awt.Toolkit$2.run(Unknown Source)
	at java.base/java.security.AccessController.doPrivileged(Unknown Source)
	at java.desktop/java.awt.Toolkit.loadLibraries(Unknown Source)
	at java.desktop/java.awt.Toolkit.initStatic(Unknown Source)
	at java.desktop/java.awt.Toolkit.<clinit>(Unknown Source)
	at java.desktop/java.awt.EventQueue.isDispatchThread(Unknown Source)
	at java.desktop/javax.swing.SwingUtilities.isEventDispatchThread(Unknown Source)
	at org.jetbrains.kotlin.com.intellij.openapi.application.TransactionGuardImpl.<init>(TransactionGuardImpl.java:35)
	at java.base/jdk.internal.reflect.DirectConstructorHandleAccessor.newInstance(Unknown Source)
	at java.base/java.lang.reflect.Constructor.newInstanceWithCaller(Unknown Source)
	at java.base/java.lang.reflect.Constructor.newInstance(Unknown Source)
	at org.jetbrains.kotlin.com.intellij.util.pico.CachingConstructorInjectionComponentAdapter.doGetComponentInstance(CachingConstructorInjectionComponentAdapter.java:96)
	at org.jetbrains.kotlin.com.intellij.util.pico.CachingConstructorInjectionComponentAdapter.instantiateGuarded(CachingConstructorInjectionComponentAdapter.java:72)
	at org.jetbrains.kotlin.com.intellij.util.pico.CachingConstructorInjectionComponentAdapter.getComponentInstance(CachingConstructorInjectionComponentAdapter.java:54)
	at org.jetbrains.kotlin.com.intellij.util.pico.DefaultPicoContainer.getService(DefaultPicoContainer.java:138)
	at org.jetbrains.kotlin.com.intellij.mock.MockComponentManager.getService(MockComponentManager.java:140)
	at org.jetbrains.kotlin.com.intellij.mock.MockApplication.doGetService(MockApplication.java:58)
	at org.jetbrains.kotlin.com.intellij.mock.MockApplication.getService(MockApplication.java:54)
	at org.jetbrains.kotlin.com.intellij.openapi.application.TransactionGuard.lambda$static$0(TransactionGuard.java:52)
	at org.jetbrains.kotlin.com.intellij.util.concurrency.SynchronizedClearableLazy._get_value_$lambda$1$lambda$0(SynchronizedClearableLazy.kt:41)
	at java.base/java.util.concurrent.atomic.AtomicReference.updateAndGet(Unknown Source)
	at org.jetbrains.kotlin.com.intellij.util.concurrency.SynchronizedClearableLazy.getValue(SynchronizedClearableLazy.kt:40)
	at org.jetbrains.kotlin.com.intellij.util.concurrency.SynchronizedClearableLazy.get(SynchronizedClearableLazy.kt:28)
	at org.jetbrains.kotlin.com.intellij.openapi.application.TransactionGuard.getInstance(TransactionGuard.java:56)
	at org.jetbrains.kotlin.com.intellij.psi.impl.PsiModificationTrackerImpl.fireEvent(PsiModificationTrackerImpl.java:81)
	at org.jetbrains.kotlin.com.intellij.psi.impl.PsiModificationTrackerImpl.incCountersInner(PsiModificationTrackerImpl.java:87)
	at org.jetbrains.kotlin.com.intellij.psi.impl.PsiModificationTrackerImpl.treeChanged(PsiModificationTrackerImpl.java:97)
	at org.jetbrains.kotlin.com.intellij.psi.impl.PsiManagerImpl.fireEvent(PsiManagerImpl.java:346)
	at org.jetbrains.kotlin.com.intellij.psi.impl.PsiManagerImpl.propertyChanged(PsiManagerImpl.java:320)
	at org.jetbrains.kotlin.com.intellij.psi.impl.file.impl.FileManagerImpl.firePropertyChangedForUnloadedPsi(FileManagerImpl.java:149)
	at org.jetbrains.kotlin.com.intellij.mock.MockApplication.runWriteAction(MockApplication.java:200)
	at org.jetbrains.kotlin.com.intellij.psi.impl.PsiManagerImpl.dropPsiCaches(PsiManagerImpl.java:93)
	at com.google.devtools.ksp.AbstractKotlinSymbolProcessingExtension.doAnalysis(KotlinSymbolProcessingExtension.kt:167)
	at org.jetbrains.kotlin.cli.jvm.compiler.TopDownAnalyzerFacadeForJVM.analyzeFilesWithJavaIntegration(TopDownAnalyzerFacadeForJVM.kt:112)
	at org.jetbrains.kotlin.cli.jvm.compiler.TopDownAnalyzerFacadeForJVM.analyzeFilesWithJavaIntegration$default(TopDownAnalyzerFacadeForJVM.kt:75)
	at org.jetbrains.kotlin.cli.jvm.compiler.KotlinToJVMBytecodeCompiler.analyze$lambda$9(KotlinToJVMBytecodeCompiler.kt:356)
	at org.jetbrains.kotlin.cli.common.messages.AnalyzerWithCompilerReport.analyzeAndReport(AnalyzerWithCompilerReport.kt:112)
	at org.jetbrains.kotlin.cli.jvm.compiler.KotlinToJVMBytecodeCompiler.analyze(KotlinToJVMBytecodeCompiler.kt:347)
	at org.jetbrains.kotlin.cli.jvm.compiler.KotlinToJVMBytecodeCompiler.repeatAnalysisIfNeeded(KotlinToJVMBytecodeCompiler.kt:264)
	at org.jetbrains.kotlin.cli.jvm.compiler.KotlinToJVMBytecodeCompiler.runFrontendAndGenerateIrUsingClassicFrontend(KotlinToJVMBytecodeCompiler.kt:177)
	at org.jetbrains.kotlin.cli.jvm.compiler.KotlinToJVMBytecodeCompiler.compileModules$cli(KotlinToJVMBytecodeCompiler.kt:102)
	at org.jetbrains.kotlin.cli.jvm.K2JVMCompiler.doExecute(K2JVMCompiler.kt:169)
	at org.jetbrains.kotlin.cli.jvm.K2JVMCompiler.doExecute(K2JVMCompiler.kt:43)
	at org.jetbrains.kotlin.cli.common.CLICompiler.execImpl(CLICompiler.kt:102)
	at org.jetbrains.kotlin.cli.common.CLICompiler.exec(CLICompiler.kt:316)
	at org.jetbrains.kotlin.daemon.CompileServiceImpl.compile(CompileServiceImpl.kt:1554)
	at java.base/jdk.internal.reflect.DirectMethodHandleAccessor.invoke(Unknown Source)
	at java.base/java.lang.reflect.Method.invoke(Unknown Source)
	at java.rmi/sun.rmi.server.UnicastServerRef.dispatch(Unknown Source)
	at java.rmi/sun.rmi.transport.Transport$1.run(Unknown Source)
	at java.rmi/sun.rmi.transport.Transport$1.run(Unknown Source)
	at java.base/java.security.AccessController.doPrivileged(Unknown Source)
	at java.rmi/sun.rmi.transport.Transport.serviceCall(Unknown Source)
	at java.rmi/sun.rmi.transport.tcp.TCPTransport.handleMessages(Unknown Source)
	at java.rmi/sun.rmi.transport.tcp.TCPTransport$ConnectionHandler.run0(Unknown Source)
	at java.rmi/sun.rmi.transport.tcp.TCPTransport$ConnectionHandler.lambda$run$0(Unknown Source)
	at java.base/java.security.AccessController.doPrivileged(Unknown Source)
	at java.rmi/sun.rmi.transport.tcp.TCPTransport$ConnectionHandler.run(Unknown Source)
	at java.base/java.util.concurrent.ThreadPoolExecutor.runWorker(Unknown Source)
	at java.base/java.util.concurrent.ThreadPoolExecutor$Worker.run(Unknown Source)
	at java.base/java.lang.Thread.run(Unknown Source)


